data-science/data/dataset_store.csv
date,store_id,item_id,sales,price,promo,weekday,month
2023-06-11,store_1,item_3,68,66.08,1,6,6
2023-06-12,store_1,item_3,51,82.6,0,0,6
2023-06-13,store_1,item_3,58,82.6,0,1,6
2023-06-14,store_1,item_3,61,82.6,0,2,6
2023-06-15,store_1,item_3,53,82.6,0,3,6
2023-06-16,store_1,item_3,69,66.08,1,4,6
2023-06-17,store_1,item_3,38,82.6,0,5,6
2023-06-18,store_1,item_3,45,82.6,0,6,6
2023-06-19,store_1,item_3,49,82.6,0,0,6
2023-06-20,store_1,item_3,55,82.6,0,1,6
2023-06-21,store_1,item_3,55,82.6,0,2,6
2023-06-22,store_1,item_3,53,82.6,0,3,6
2023-06-23,store_1,item_3,44,82.6,0,4,6
2023-06-24,store_1,item_3,40,82.6,0,5,6
2023-06-25,store_1,item_3,37,82.6,0,6,6
2023-06-26,store_1,item_3,43,82.6,0,0,6
2023-06-27,store_1,item_3,56,82.6,0,1,6
2023-06-28,store_1,item_3,60,82.6,0,2,6
2023-06-29,store_1,item_3,48,82.6,0,3,6
2023-06-30,store_1,item_3,68,66.08,1,4,6
2023-07-01,store_1,item_3,38,82.6,0,5,7
2023-07-02,store_1,item_3,39,82.6,0,6,7
2023-07-03,store_1,item_3,45,82.6,0,0,7
2023-07-04,store_1,item_3,48,82.6,0,1,7
2023-07-05,store_1,item_3,57,82.6,0,2,7
2023-07-06,store_1,item_3,47,82.6,0,3,7
2023-07-07,store_1,item_3,39,82.6,0,4,7
2023-07-08,store_1,item_3,39,82.6,0,5,7
2023-07-09,store_1,item_3,32,82.6,0,6,7
2023-07-10,store_1,item_3,40,82.6,0,0,7
2023-07-11,store_1,item_3,51,82.6,0,1,7
2023-07-12,store_1,item_3,53,82.6,0,2,7
2023-07-13,store_1,item_3,49,82.6,0,3,7
2023-07-14,store_1,item_3,39,82.6,0,4,7
2023-07-15,store_1,item_3,59,66.08,1,5,7
2023-07-16,store_1,item_3,35,82.6,0,6,7
2023-07-17,store_1,item_3,42,82.6,0,0,7
2023-07-18,store_1,item_3,46,82.6,0,1,7
2023-07-19,store_1,item_3,51,82.6,0,2,7
2023-07-20,store_1,item_3,47,82.6,0,3,7
2023-07-21,store_1,item_3,42,82.6,0,4,7
2023-07-22,store_1,item_3,29,82.6,0,5,7
2023-07-23,store_1,item_3,34,82.6,0,6,7
2023-07-24,store_1,item_3,42,82.6,0,0,7
2023-07-25,store_1,item_3,72,66.08,1,1,7
2023-07-26,store_1,item_3,48,82.6,0,2,7
2023-07-27,store_1,item_3,45,82.6,0,3,7
2023-07-28,store_1,item_3,34,82.6,0,4,7
2023-07-29,store_1,item_3,53,66.08,1,5,7
2023-07-30,store_1,item_3,36,82.6,0,6,7
2023-07-31,store_1,item_3,35,82.6,0,0,7
2023-08-01,store_1,item_3,42,82.6,0,1,8
2023-08-02,store_1,item_3,44,82.6,0,2,8
2023-08-03,store_1,item_3,65,66.08,1,3,8
2023-08-04,store_1,item_3,31,82.6,0,4,8
2023-08-05,store_1,item_3,30,82.6,0,5,8
2023-08-06,store_1,item_3,34,82.6,0,6,8
2023-08-07,store_1,item_3,38,82.6,0,0,8
2023-08-08,store_1,item_3,45,82.6,0,1,8
2023-08-09,store_1,item_3,42,82.6,0,2,8
2023-08-10,store_1,item_3,43,82.6,0,3,8
2023-08-11,store_1,item_3,32,82.6,0,4,8
2023-08-12,store_1,item_3,44,66.08,1,5,8
2023-08-13,store_1,item_3,32,82.6,0,6,8
2023-08-14,store_1,item_3,37,82.6,0,0,8
2023-08-15,store_1,item_3,43,82.6,0,1,8
2023-08-16,store_1,item_3,41,82.6,0,2,8
2023-08-17,store_1,item_3,39,82.6,0,3,8
2023-08-18,store_1,item_3,33,82.6,0,4,8
2023-08-19,store_1,item_3,25,82.6,0,5,8
2023-08-20,store_1,item_3,29,82.6,0,6,8
2023-08-21,store_1,item_3,55,66.08,1,0,8
2023-08-22,store_1,item_3,37,82.6,0,1,8
2023-08-23,store_1,item_3,46,82.6,0,2,8
2023-08-24,store_1,item_3,61,66.08,1,3,8
2023-08-25,store_1,item_3,28,82.6,0,4,8
2023-08-26,store_1,item_3,32,82.6,0,5,8
2023-08-27,store_1,item_3,29,82.6,0,6,8
2023-08-28,store_1,item_3,36,82.6,0,0,8
2023-08-29,store_1,item_3,39,82.6,0,1,8
2023-08-30,store_1,item_3,44,82.6,0,2,8
2023-08-31,store_1,item_3,39,82.6,0,3,8
2023-09-01,store_1,item_3,29,82.6,0,4,9
2023-09-02,store_1,item_3,24,82.6,0,5,9
2023-09-03,store_1,item_3,24,82.6,0,6,9
2023-09-04,store_1,item_3,35,82.6,0,0,9
2023-09-05,store_1,item_3,41,82.6,0,1,9
2023-09-06,store_1,item_3,42,82.6,0,2,9
2023-09-07,store_1,item_3,36,82.6,0,3,9
2023-09-08,store_1,item_3,27,82.6,0,4,9
2023-09-09,store_1,item_3,25,82.6,0,5,9
2023-09-10,store_1,item_3,32,82.6,0,6,9
2023-09-11,store_1,item_3,49,66.08,1,0,9
2023-09-12,store_1,item_3,39,82.6,0,1,9
2023-09-13,store_1,item_3,36,82.6,0,2,9
2023-09-14,store_1,item_3,37,82.6,0,3,9
2023-09-15,store_1,item_3,44,66.08,1,4,9
2023-09-16,store_1,item_3,30,82.6,0,5,9
2023-09-17,store_1,item_3,30,82.6,0,6,9
2023-09-18,store_1,item_3,31,82.6,0,0,9
2023-09-19,store_1,item_3,38,82.6,0,1,9
2023-09-20,store_1,item_3,57,66.08,1,2,9
2023-09-21,store_1,item_3,31,82.6,0,3,9
2023-09-22,store_1,item_3,27,82.6,0,4,9
2023-09-23,store_1,item_3,27,82.6,0,5,9
2023-09-24,store_1,item_3,29,82.6,0,6,9
2023-09-25,store_1,item_3,33,82.6,0,0,9
2023-09-26,store_1,item_3,37,82.6,0,1,9
2023-09-27,store_1,item_3,42,82.6,0,2,9
2023-09-28,store_1,item_3,36,82.6,0,3,9
2023-09-29,store_1,item_3,32,82.6,0,4,9
2023-09-30,store_1,item_3,21,82.6,0,5,9
2023-10-01,store_1,item_3,16,82.6,0,6,10
2023-10-02,store_1,item_3,33,82.6,0,0,10
2023-10-03,store_1,item_3,33,82.6,0,1,10
2023-10-04,store_1,item_3,38,82.6,0,2,10
2023-10-05,store_1,item_3,35,82.6,0,3,10
2023-10-06,store_1,item_3,35,82.6,0,4,10
2023-10-07,store_1,item_3,28,82.6,0,5,10
2023-10-08,store_1,item_3,28,82.6,0,6,10
2023-10-09,store_1,item_3,35,82.6,0,0,10
2023-10-10,store_1,item_3,39,82.6,0,1,10
2023-10-11,store_1,item_3,58,66.08,1,2,10
2023-10-12,store_1,item_3,39,82.6,0,3,10
2023-10-13,store_1,item_3,42,66.08,1,4,10
2023-10-14,store_1,item_3,28,82.6,0,5,10
2023-10-15,store_1,item_3,23,82.6,0,6,10
2023-10-16,store_1,item_3,34,82.6,0,0,10
2023-10-17,store_1,item_3,39,82.6,0,1,10
2023-10-18,store_1,item_3,45,82.6,0,2,10
2023-10-19,store_1,item_3,32,82.6,0,3,10
2023-10-20,store_1,item_3,29,82.6,0,4,10
2023-10-21,store_1,item_3,29,82.6,0,5,10
2023-10-22,store_1,item_3,29,82.6,0,6,10
2023-10-23,store_1,item_3,34,82.6,0,0,10
2023-10-24,store_1,item_3,36,82.6,0,1,10
2023-10-25,store_1,item_3,39,82.6,0,2,10
2023-10-26,store_1,item_3,41,82.6,0,3,10
2023-10-27,store_1,item_3,31,82.6,0,4,10
2023-10-28,store_1,item_3,29,82.6,0,5,10
2023-10-29,store_1,item_3,29,82.6,0,6,10
2023-10-30,store_1,item_3,31,82.6,0,0,10
2023-10-31,store_1,item_3,43,82.6,0,1,10
2023-11-01,store_1,item_3,43,82.6,0,2,11
2023-11-02,store_1,item_3,45,82.6,0,3,11
2023-11-03,store_1,item_3,29,82.6,0,4,11
2023-11-04,store_1,item_3,31,82.6,0,5,11
2023-11-05,store_1,item_3,26,82.6,0,6,11
2023-11-06,store_1,item_3,36,82.6,0,0,11
2023-11-07,store_1,item_3,44,82.6,0,1,11
2023-11-08,store_1,item_3,36,82.6,0,2,11
2023-11-09,store_1,item_3,38,82.6,0,3,11
2023-11-10,store_1,item_3,48,66.08,1,4,11
2023-11-11,store_1,item_3,27,82.6,0,5,11
2023-11-12,store_1,item_3,32,82.6,0,6,11
2023-11-13,store_1,item_3,40,82.6,0,0,11
2023-11-14,store_1,item_3,42,82.6,0,1,11
2023-11-15,store_1,item_3,45,82.6,0,2,11
2023-11-16,store_1,item_3,41,82.6,0,3,11
2023-11-17,store_1,item_3,34,82.6,0,4,11
2023-11-18,store_1,item_3,27,82.6,0,5,11
2023-11-19,store_1,item_3,35,82.6,0,6,11
2023-11-20,store_1,item_3,39,82.6,0,0,11
2023-11-21,store_1,item_3,45,82.6,0,1,11
2023-11-22,store_1,item_3,66,66.08,1,2,11
2023-11-23,store_1,item_3,40,82.6,0,3,11
2023-11-24,store_1,item_3,35,82.6,0,4,11
2023-11-25,store_1,item_3,27,82.6,0,5,11
2023-11-26,store_1,item_3,28,82.6,0,6,11
2023-11-27,store_1,item_3,37,82.6,0,0,11
2023-11-28,store_1,item_3,47,82.6,0,1,11
2023-11-29,store_1,item_3,45,82.6,0,2,11
2023-11-30,store_1,item_3,40,82.6,0,3,11
2023-12-01,store_1,item_3,34,82.6,0,4,12
2023-12-02,store_1,item_3,31,82.6,0,5,12
2023-12-03,store_1,item_3,33,82.6,0,6,12
2023-12-04,store_1,item_3,47,82.6,0,0,12
2023-12-05,store_1,item_3,50,82.6,0,1,12
2023-12-06,store_1,item_3,52,82.6,0,2,12
2023-12-07,store_1,item_3,48,82.6,0,3,12
2023-12-08,store_1,item_3,54,66.08,1,4,12
2023-12-09,store_1,item_3,30,82.6,0,5,12
2023-12-10,store_1,item_3,32,82.6,0,6,12
2023-12-11,store_1,item_3,46,82.6,0,0,12
2023-12-12,store_1,item_3,48,82.6,0,1,12
2023-12-13,store_1,item_3,47,82.6,0,2,12
2023-12-14,store_1,item_3,69,66.08,1,3,12
2023-12-15,store_1,item_3,39,82.6,0,4,12
2023-12-16,store_1,item_3,36,82.6,0,5,12
2023-12-17,store_1,item_3,38,82.6,0,6,12
2023-12-18,store_1,item_3,41,82.6,0,0,12
2023-12-19,store_1,item_3,53,82.6,0,1,12
2023-12-20,store_1,item_3,51,82.6,0,2,12
2023-12-21,store_1,item_3,48,82.6,0,3,12
2023-12-22,store_1,item_3,43,82.6,0,4,12
2023-12-23,store_1,item_3,34,82.6,0,5,12
2023-12-24,store_1,item_3,37,82.6,0,6,12
2023-12-25,store_1,item_3,47,82.6,0,0,12
2023-12-26,store_1,item_3,51,82.6,0,1,12
2023-12-27,store_1,item_3,54,82.6,0,2,12
2023-12-28,store_1,item_3,52,82.6,0,3,12
2023-12-29,store_1,item_3,49,82.6,0,4,12
2023-12-30,store_1,item_3,40,82.6,0,5,12
2023-12-31,store_1,item_3,41,82.6,0,6,12
2021-01-01,store_1,item_4,40,89.65,0,4,1
2021-01-02,store_1,item_4,30,89.65,0,5,1
2021-01-03,store_1,item_4,38,89.65,0,6,1
2021-01-04,store_1,item_4,52,71.72,1,0,1
2021-01-05,store_1,item_4,45,89.65,0,1,1
2021-01-06,store_1,item_4,44,89.65,0,2,1
2021-01-07,store_1,item_4,70,71.72,1,3,1
2021-01-08,store_1,item_4,61,71.72,1,4,1
2021-01-09,store_1,item_4,26,89.65,0,5,1
2021-01-10,store_1,item_4,37,89.65,0,6,1
2021-01-11,store_1,item_4,45,89.65,0,0,1
2021-01-12,store_1,item_4,49,89.65,0,1,1
2021-01-13,store_1,item_4,52,89.65,0,2,1
2021-01-14,store_1,item_4,47,89.65,0,3,1
2021-01-15,store_1,item_4,41,89.65,0,4,1
2021-01-16,store_1,item_4,31,89.65,0,5,1
2021-01-17,store_1,item_4,40,89.65,0,6,1
2021-01-18,store_1,item_4,44,89.65,0,0,1
2021-01-19,store_1,item_4,50,89.65,0,1,1
2021-01-20,store_1,item_4,53,89.65,0,2,1
2021-01-21,store_1,item_4,43,89.65,0,3,1
2021-01-22,store_1,item_4,35,89.65,0,4,1
2021-01-23,store_1,item_4,35,89.65,0,5,1
2021-01-24,store_1,item_4,42,89.65,0,6,1
2021-01-25,store_1,item_4,41,89.65,0,0,1
2021-01-26,store_1,item_4,52,89.65,0,1,1
2021-01-27,store_1,item_4,51,89.65,0,2,1
2021-01-28,store_1,item_4,46,89.65,0,3,1
2021-01-29,store_1,item_4,43,89.65,0,4,1
2021-01-30,store_1,item_4,39,89.65,0,5,1
2021-01-31,store_1,item_4,36,89.65,0,6,1
2021-02-01,store_1,item_4,50,89.65,0,0,2
2021-02-02,store_1,item_4,54,89.65,0,1,2
2021-02-03,store_1,item_4,82,71.72,1,2,2
2021-02-04,store_1,item_4,51,89.65,0,3,2
2021-02-05,store_1,item_4,48,89.65,0,4,2
2021-02-06,store_1,item_4,58,71.72,1,5,2
2021-02-07,store_1,item_4,37,89.65,0,6,2
2021-02-08,store_1,item_4,47,89.65,0,0,2
2021-02-09,store_1,item_4,55,89.65,0,1,2
2021-02-10,store_1,item_4,58,89.65,0,2,2
2021-02-11,store_1,item_4,52,89.65,0,3,2
2021-02-12,store_1,item_4,49,89.65,0,4,2
2021-02-13,store_1,item_4,38,89.65,0,5,2
2021-02-14,store_1,item_4,35,89.65,0,6,2
2021-02-15,store_1,item_4,49,89.65,0,0,2
2021-02-16,store_1,item_4,54,89.65,0,1,2
2021-02-17,store_1,item_4,53,89.65,0,2,2
2021-02-18,store_1,item_4,50,89.65,0,3,2
2021-02-19,store_1,item_4,43,89.65,0,4,2
2021-02-20,store_1,item_4,43,89.65,0,5,2
2021-02-21,store_1,item_4,37,89.65,0,6,2
2021-02-22,store_1,item_4,50,89.65,0,0,2
2021-02-23,store_1,item_4,92,71.72,1,1,2
2021-02-24,store_1,item_4,58,89.65,0,2,2
2021-02-25,store_1,item_4,53,89.65,0,3,2
2021-02-26,store_1,item_4,47,89.65,0,4,2
2021-02-27,store_1,item_4,41,89.65,0,5,2
2021-02-28,store_1,item_4,46,89.65,0,6,2
2021-03-01,store_1,item_4,49,89.65,0,0,3
2021-03-02,store_1,item_4,60,89.65,0,1,3
2021-03-03,store_1,item_4,62,89.65,0,2,3
2021-03-04,store_1,item_4,53,89.65,0,3,3
2021-03-05,store_1,item_4,45,89.65,0,4,3
2021-03-06,store_1,item_4,61,71.72,1,5,3
2021-03-07,store_1,item_4,39,89.65,0,6,3
2021-03-08,store_1,item_4,49,89.65,0,0,3
2021-03-09,store_1,item_4,63,89.65,0,1,3
2021-03-10,store_1,item_4,64,89.65,0,2,3
2021-03-11,store_1,item_4,53,89.65,0,3,3
2021-03-12,store_1,item_4,46,89.65,0,4,3
2021-03-13,store_1,item_4,44,89.65,0,5,3
2021-03-14,store_1,item_4,44,89.65,0,6,3
2021-03-15,store_1,item_4,53,89.65,0,0,3
2021-03-16,store_1,item_4,61,89.65,0,1,3
2021-03-17,store_1,item_4,92,71.72,1,2,3
2021-03-18,store_1,item_4,83,71.72,1,3,3
2021-03-19,store_1,item_4,43,89.65,0,4,3
2021-03-20,store_1,item_4,43,89.65,0,5,3
2021-03-21,store_1,item_4,43,89.65,0,6,3
2021-03-22,store_1,item_4,46,89.65,0,0,3
2021-03-23,store_1,item_4,58,89.65,0,1,3
2021-03-24,store_1,item_4,64,89.65,0,2,3
2021-03-25,store_1,item_4,50,89.65,0,3,3
2021-03-26,store_1,item_4,44,89.65,0,4,3
2021-03-27,store_1,item_4,42,89.65,0,5,3
2021-03-28,store_1,item_4,48,89.65,0,6,3
2021-03-29,store_1,item_4,55,89.65,0,0,3
2021-03-30,store_1,item_4,64,89.65,0,1,3
2021-03-31,store_1,item_4,62,89.65,0,2,3
2021-04-01,store_1,item_4,55,89.65,0,3,4
2021-04-02,store_1,item_4,50,89.65,0,4,4
2021-04-03,store_1,item_4,39,89.65,0,5,4
2021-04-04,store_1,item_4,41,89.65,0,6,4
2021-04-05,store_1,item_4,48,89.65,0,0,4
2021-04-06,store_1,item_4,63,89.65,0,1,4
2021-04-07,store_1,item_4,59,89.65,0,2,4
2021-04-08,store_1,item_4,87,71.72,1,3,4
2021-04-09,store_1,item_4,48,89.65,0,4,4
2021-04-10,store_1,item_4,45,89.65,0,5,4
2021-04-11,store_1,item_4,40,89.65,0,6,4
2021-04-12,store_1,item_4,50,89.65,0,0,4
2021-04-13,store_1,item_4,61,89.65,0,1,4
2021-04-14,store_1,item_4,60,89.65,0,2,4
2021-04-15,store_1,item_4,48,89.65,0,3,4
2021-04-16,store_1,item_4,43,89.65,0,4,4
2021-04-17,store_1,item_4,38,89.65,0,5,4
2021-04-18,store_1,item_4,40,89.65,0,6,4
2021-04-19,store_1,item_4,53,89.65,0,0,4
2021-04-20,store_1,item_4,60,89.65,0,1,4
2021-04-21,store_1,item_4,62,89.65,0,2,4
2021-04-22,store_1,item_4,61,89.65,0,3,4
2021-04-23,store_1,item_4,50,89.65,0,4,4
2021-04-24,store_1,item_4,43,89.65,0,5,4
2021-04-25,store_1,item_4,38,89.65,0,6,4
2021-04-26,store_1,item_4,51,89.65,0,0,4
2021-04-27,store_1,item_4,59,89.65,0,1,4
2021-04-28,store_1,item_4,59,89.65,0,2,4
2021-04-29,store_1,item_4,87,71.72,1,3,4
2021-04-30,store_1,item_4,46,89.65,0,4,4
2021-05-01,store_1,item_4,37,89.65,0,5,5
2021-05-02,store_1,item_4,39,89.65,0,6,5
2021-05-03,store_1,item_4,57,89.65,0,0,5
2021-05-04,store_1,item_4,57,89.65,0,1,5
2021-05-05,store_1,item_4,53,89.65,0,2,5
2021-05-06,store_1,item_4,79,71.72,1,3,5
2021-05-07,store_1,item_4,40,89.65,0,4,5
2021-05-08,store_1,item_4,43,89.65,0,5,5
2021-05-09,store_1,item_4,36,89.65,0,6,5
2021-05-10,store_1,item_4,45,89.65,0,0,5
2021-05-11,store_1,item_4,57,89.65,0,1,5
2021-05-12,store_1,item_4,62,89.65,0,2,5
2021-05-13,store_1,item_4,53,89.65,0,3,5
2021-05-14,store_1,item_4,41,89.65,0,4,5
2021-05-15,store_1,item_4,40,89.65,0,5,5
2021-05-16,store_1,item_4,40,89.65,0,6,5
2021-05-17,store_1,item_4,52,89.65,0,0,5
2021-05-18,store_1,item_4,58,89.65,0,1,5
2021-05-19,store_1,item_4,56,89.65,0,2,5
2021-05-20,store_1,item_4,55,89.65,0,3,5
2021-05-21,store_1,item_4,45,89.65,0,4,5
2021-05-22,store_1,item_4,43,89.65,0,5,5
2021-05-23,store_1,item_4,42,89.65,0,6,5
2021-05-24,store_1,item_4,49,89.65,0,0,5
2021-05-25,store_1,item_4,59,89.65,0,1,5
2021-05-26,store_1,item_4,84,71.72,1,2,5
2021-05-27,store_1,item_4,49,89.65,0,3,5
2021-05-28,store_1,item_4,43,89.65,0,4,5
2021-05-29,store_1,item_4,36,89.65,0,5,5
2021-05-30,store_1,item_4,41,89.65,0,6,5
2021-05-31,store_1,item_4,46,89.65,0,0,5
2021-06-01,store_1,item_4,55,89.65,0,1,6
2021-06-02,store_1,item_4,51,89.65,0,2,6
2021-06-03,store_1,item_4,51,89.65,0,3,6
2021-06-04,store_1,item_4,38,89.65,0,4,6
2021-06-05,store_1,item_4,39,89.65,0,5,6
2021-06-06,store_1,item_4,41,89.65,0,6,6
2021-06-07,store_1,item_4,46,89.65,0,0,6
2021-06-08,store_1,item_4,53,89.65,0,1,6
2021-06-09,store_1,item_4,53,89.65,0,2,6
2021-06-10,store_1,item_4,47,89.65,0,3,6
2021-06-11,store_1,item_4,40,89.65,0,4,6
2021-06-12,store_1,item_4,41,89.65,0,5,6
2021-06-13,store_1,item_4,38,89.65,0,6,6
2021-06-14,store_1,item_4,40,89.65,0,0,6
2021-06-15,store_1,item_4,45,89.65,0,1,6
2021-06-16,store_1,item_4,47,89.65,0,2,6
2021-06-17,store_1,item_4,46,89.65,0,3,6
2021-06-18,store_1,item_4,63,71.72,1,4,6
2021-06-19,store_1,item_4,31,89.65,0,5,6
2021-06-20,store_1,item_4,40,89.65,0,6,6
2021-06-21,store_1,item_4,43,89.65,0,0,6
2021-06-22,store_1,item_4,50,89.65,0,1,6
2021-06-23,store_1,item_4,52,89.65,0,2,6
2021-06-24,store_1,item_4,47,89.65,0,3,6
2021-06-25,store_1,item_4,37,89.65,0,4,6
2021-06-26,store_1,item_4,26,89.65,0,5,6
2021-06-27,store_1,item_4,33,89.65,0,6,6
2021-06-28,store_1,item_4,38,89.65,0,0,6
2021-06-29,store_1,item_4,48,89.65,0,1,6
2021-06-30,store_1,item_4,49,89.65,0,2,6
2021-07-01,store_1,item_4,43,89.65,0,3,7
2021-07-02,store_1,item_4,60,71.72,1,4,7
2021-07-03,store_1,item_4,30,89.65,0,5,7
2021-07-04,store_1,item_4,27,89.65,0,6,7
2021-07-05,store_1,item_4,60,71.72,1,0,7
2021-07-06,store_1,item_4,49,89.65,0,1,7
2021-07-07,store_1,item_4,48,89.65,0,2,7
2021-07-08,store_1,item_4,62,71.72,1,3,7
2021-07-09,store_1,item_4,36,89.65,0,4,7
2021-07-10,store_1,item_4,37,89.65,0,5,7
2021-07-11,store_1,item_4,30,89.65,0,6,7
2021-07-12,store_1,item_4,38,89.65,0,0,7
2021-07-13,store_1,item_4,46,89.65,0,1,7
2021-07-14,store_1,item_4,46,89.65,0,2,7
2021-07-15,store_1,item_4,40,89.65,0,3,7
2021-07-16,store_1,item_4,33,89.65,0,4,7
2021-07-17,store_1,item_4,29,89.65,0,5,7
2021-07-18,store_1,item_4,33,89.65,0,6,7
2021-07-19,store_1,item_4,57,71.72,1,0,7
2021-07-20,store_1,item_4,49,89.65,0,1,7
2021-07-21,store_1,item_4,39,89.65,0,2,7
2021-07-22,store_1,item_4,45,89.65,0,3,7
2021-07-23,store_1,item_4,49,71.72,1,4,7
2021-07-24,store_1,item_4,29,89.65,0,5,7
2021-07-25,store_1,item_4,33,89.65,0,6,7
2021-07-26,store_1,item_4,38,89.65,0,0,7
2021-07-27,store_1,item_4,44,89.65,0,1,7
2021-07-28,store_1,item_4,46,89.65,0,2,7
2021-07-29,store_1,item_4,38,89.65,0,3,7
2021-07-30,store_1,item_4,52,71.72,1,4,7
2021-07-31,store_1,item_4,26,89.65,0,5,7
2021-08-01,store_1,item_4,28,89.65,0,6,8
2021-08-02,store_1,item_4,34,89.65,0,0,8
2021-08-03,store_1,item_4,38,89.65,0,1,8
2021-08-04,store_1,item_4,41,89.65,0,2,8
2021-08-05,store_1,item_4,39,89.65,0,3,8
2021-08-06,store_1,item_4,33,89.65,0,4,8
2021-08-07,store_1,item_4,25,89.65,0,5,8
2021-08-08,store_1,item_4,26,89.65,0,6,8
2021-08-09,store_1,item_4,30,89.65,0,0,8
2021-08-10,store_1,item_4,38,89.65,0,1,8
2021-08-11,store_1,item_4,34,89.65,0,2,8
2021-08-12,store_1,item_4,33,89.65,0,3,8
2021-08-13,store_1,item_4,28,89.65,0,4,8
2021-08-14,store_1,item_4,29,89.65,0,5,8
2021-08-15,store_1,item_4,40,71.72,1,6,8
2021-08-16,store_1,item_4,35,89.65,0,0,8
2021-08-17,store_1,item_4,56,71.72,1,1,8
2021-08-18,store_1,item_4,36,89.65,0,2,8
2021-08-19,store_1,item_4,33,89.65,0,3,8
2021-08-20,store_1,item_4,25,89.65,0,4,8
2021-08-21,store_1,item_4,32,89.65,0,5,8
2021-08-22,store_1,item_4,30,89.65,0,6,8
2021-08-23,store_1,item_4,33,89.65,0,0,8
