data-science/data/dataset_store.csv
date,store_id,item_id,sales,price,promo,weekday,month
2022-10-28,store_1,item_6,31,66.5,0,4,10
2022-10-29,store_1,item_6,28,66.5,0,5,10
2022-10-30,store_1,item_6,29,66.5,0,6,10
2022-10-31,store_1,item_6,53,53.2,1,0,10
2022-11-01,store_1,item_6,36,66.5,0,1,11
2022-11-02,store_1,item_6,37,66.5,0,2,11
2022-11-03,store_1,item_6,55,53.2,1,3,11
2022-11-04,store_1,item_6,47,53.2,1,4,11
2022-11-05,store_1,item_6,28,66.5,0,5,11
2022-11-06,store_1,item_6,24,66.5,0,6,11
2022-11-07,store_1,item_6,47,53.2,1,0,11
2022-11-08,store_1,item_6,38,66.5,0,1,11
2022-11-09,store_1,item_6,35,66.5,0,2,11
2022-11-10,store_1,item_6,38,66.5,0,3,11
2022-11-11,store_1,item_6,31,66.5,0,4,11
2022-11-12,store_1,item_6,25,66.5,0,5,11
2022-11-13,store_1,item_6,27,66.5,0,6,11
2022-11-14,store_1,item_6,35,66.5,0,0,11
2022-11-15,store_1,item_6,36,66.5,0,1,11
2022-11-16,store_1,item_6,40,66.5,0,2,11
2022-11-17,store_1,item_6,37,66.5,0,3,11
2022-11-18,store_1,item_6,31,66.5,0,4,11
2022-11-19,store_1,item_6,28,66.5,0,5,11
2022-11-20,store_1,item_6,34,66.5,0,6,11
2022-11-21,store_1,item_6,39,66.5,0,0,11
2022-11-22,store_1,item_6,40,66.5,0,1,11
2022-11-23,store_1,item_6,40,66.5,0,2,11
2022-11-24,store_1,item_6,38,66.5,0,3,11
2022-11-25,store_1,item_6,37,66.5,0,4,11
2022-11-26,store_1,item_6,23,66.5,0,5,11
2022-11-27,store_1,item_6,31,66.5,0,6,11
2022-11-28,store_1,item_6,36,66.5,0,0,11
2022-11-29,store_1,item_6,47,66.5,0,1,11
2022-11-30,store_1,item_6,48,66.5,0,2,11
2022-12-01,store_1,item_6,36,66.5,0,3,12
2022-12-02,store_1,item_6,38,66.5,0,4,12
2022-12-03,store_1,item_6,24,66.5,0,5,12
2022-12-04,store_1,item_6,34,66.5,0,6,12
2022-12-05,store_1,item_6,41,66.5,0,0,12
2022-12-06,store_1,item_6,50,66.5,0,1,12
2022-12-07,store_1,item_6,47,66.5,0,2,12
2022-12-08,store_1,item_6,62,53.2,1,3,12
2022-12-09,store_1,item_6,33,66.5,0,4,12
2022-12-10,store_1,item_6,36,66.5,0,5,12
2022-12-11,store_1,item_6,39,66.5,0,6,12
2022-12-12,store_1,item_6,39,66.5,0,0,12
2022-12-13,store_1,item_6,47,66.5,0,1,12
2022-12-14,store_1,item_6,77,53.2,1,2,12
2022-12-15,store_1,item_6,46,66.5,0,3,12
2022-12-16,store_1,item_6,37,66.5,0,4,12
2022-12-17,store_1,item_6,31,66.5,0,5,12
2022-12-18,store_1,item_6,32,66.5,0,6,12
2022-12-19,store_1,item_6,44,66.5,0,0,12
2022-12-20,store_1,item_6,47,66.5,0,1,12
2022-12-21,store_1,item_6,74,53.2,1,2,12
2022-12-22,store_1,item_6,48,66.5,0,3,12
2022-12-23,store_1,item_6,39,66.5,0,4,12
2022-12-24,store_1,item_6,36,66.5,0,5,12
2022-12-25,store_1,item_6,35,66.5,0,6,12
2022-12-26,store_1,item_6,42,66.5,0,0,12
2022-12-27,store_1,item_6,48,66.5,0,1,12
2022-12-28,store_1,item_6,54,66.5,0,2,12
2022-12-29,store_1,item_6,72,53.2,1,3,12
2022-12-30,store_1,item_6,41,66.5,0,4,12
2022-12-31,store_1,item_6,33,66.5,0,5,12
2023-01-01,store_1,item_6,40,66.5,0,6,1
2023-01-02,store_1,item_6,46,66.5,0,0,1
2023-01-03,store_1,item_6,80,53.2,1,1,1
2023-01-04,store_1,item_6,82,53.2,1,2,1
2023-01-05,store_1,item_6,50,66.5,0,3,1
2023-01-06,store_1,item_6,36,66.5,0,4,1
2023-01-07,store_1,item_6,59,53.2,1,5,1
2023-01-08,store_1,item_6,35,66.5,0,6,1
2023-01-09,store_1,item_6,50,66.5,0,0,1
2023-01-10,store_1,item_6,54,66.5,0,1,1
2023-01-11,store_1,item_6,51,66.5,0,2,1
2023-01-12,store_1,item_6,51,66.5,0,3,1
2023-01-13,store_1,item_6,39,66.5,0,4,1
2023-01-14,store_1,item_6,42,66.5,0,5,1
2023-01-15,store_1,item_6,39,66.5,0,6,1
2023-01-16,store_1,item_6,45,66.5,0,0,1
2023-01-17,store_1,item_6,58,66.5,0,1,1
2023-01-18,store_1,item_6,58,66.5,0,2,1
2023-01-19,store_1,item_6,55,66.5,0,3,1
2023-01-20,store_1,item_6,67,53.2,1,4,1
2023-01-21,store_1,item_6,43,66.5,0,5,1
2023-01-22,store_1,item_6,61,53.2,1,6,1
2023-01-23,store_1,item_6,45,66.5,0,0,1
2023-01-24,store_1,item_6,54,66.5,0,1,1
2023-01-25,store_1,item_6,61,66.5,0,2,1
2023-01-26,store_1,item_6,53,66.5,0,3,1
2023-01-27,store_1,item_6,73,53.2,1,4,1
2023-01-28,store_1,item_6,37,66.5,0,5,1
2023-01-29,store_1,item_6,46,66.5,0,6,1
2023-01-30,store_1,item_6,50,66.5,0,0,1
2023-01-31,store_1,item_6,93,53.2,1,1,1
2023-02-01,store_1,item_6,63,66.5,0,2,2
2023-02-02,store_1,item_6,57,66.5,0,3,2
2023-02-03,store_1,item_6,49,66.5,0,4,2
2023-02-04,store_1,item_6,46,66.5,0,5,2
2023-02-05,store_1,item_6,44,66.5,0,6,2
2023-02-06,store_1,item_6,47,66.5,0,0,2
2023-02-07,store_1,item_6,65,66.5,0,1,2
2023-02-08,store_1,item_6,62,66.5,0,2,2
2023-02-09,store_1,item_6,94,53.2,1,3,2
2023-02-10,store_1,item_6,47,66.5,0,4,2
2023-02-11,store_1,item_6,42,66.5,0,5,2
2023-02-12,store_1,item_6,47,66.5,0,6,2
2023-02-13,store_1,item_6,56,66.5,0,0,2
2023-02-14,store_1,item_6,64,66.5,0,1,2
2023-02-15,store_1,item_6,63,66.5,0,2,2
2023-02-16,store_1,item_6,56,66.5,0,3,2
2023-02-17,store_1,item_6,48,66.5,0,4,2
2023-02-18,store_1,item_6,39,66.5,0,5,2
2023-02-19,store_1,item_6,52,66.5,0,6,2
2023-02-20,store_1,item_6,52,66.5,0,0,2
2023-02-21,store_1,item_6,95,53.2,1,1,2
2023-02-22,store_1,item_6,68,66.5,0,2,2
2023-02-23,store_1,item_6,60,66.5,0,3,2
2023-02-24,store_1,item_6,49,66.5,0,4,2
2023-02-25,store_1,item_6,44,66.5,0,5,2
2023-02-26,store_1,item_6,69,53.2,1,6,2
2023-02-27,store_1,item_6,55,66.5,0,0,2
2023-02-28,store_1,item_6,66,66.5,0,1,2
2023-03-01,store_1,item_6,64,66.5,0,2,3
2023-03-02,store_1,item_6,64,66.5,0,3,3
2023-03-03,store_1,item_6,52,66.5,0,4,3
2023-03-04,store_1,item_6,44,66.5,0,5,3
2023-03-05,store_1,item_6,47,66.5,0,6,3
2023-03-06,store_1,item_6,60,66.5,0,0,3
2023-03-07,store_1,item_6,68,66.5,0,1,3
2023-03-08,store_1,item_6,103,53.2,1,2,3
2023-03-09,store_1,item_6,60,66.5,0,3,3
2023-03-10,store_1,item_6,54,66.5,0,4,3
2023-03-11,store_1,item_6,46,66.5,0,5,3
2023-03-12,store_1,item_6,54,66.5,0,6,3
2023-03-13,store_1,item_6,57,66.5,0,0,3
2023-03-14,store_1,item_6,72,66.5,0,1,3
2023-03-15,store_1,item_6,69,66.5,0,2,3
2023-03-16,store_1,item_6,60,66.5,0,3,3
2023-03-17,store_1,item_6,63,66.5,0,4,3
2023-03-18,store_1,item_6,42,66.5,0,5,3
2023-03-19,store_1,item_6,43,66.5,0,6,3
2023-03-20,store_1,item_6,52,66.5,0,0,3
2023-03-21,store_1,item_6,75,66.5,0,1,3
2023-03-22,store_1,item_6,76,66.5,0,2,3
2023-03-23,store_1,item_6,64,66.5,0,3,3
2023-03-24,store_1,item_6,81,53.2,1,4,3
2023-03-25,store_1,item_6,48,66.5,0,5,3
2023-03-26,store_1,item_6,68,53.2,1,6,3
2023-03-27,store_1,item_6,63,66.5,0,0,3
2023-03-28,store_1,item_6,71,66.5,0,1,3
2023-03-29,store_1,item_6,66,66.5,0,2,3
2023-03-30,store_1,item_6,64,66.5,0,3,3
2023-03-31,store_1,item_6,80,53.2,1,4,3
2023-04-01,store_1,item_6,46,66.5,0,5,4
2023-04-02,store_1,item_6,47,66.5,0,6,4
2023-04-03,store_1,item_6,58,66.5,0,0,4
2023-04-04,store_1,item_6,66,66.5,0,1,4
2023-04-05,store_1,item_6,73,66.5,0,2,4
2023-04-06,store_1,item_6,63,66.5,0,3,4
2023-04-07,store_1,item_6,51,66.5,0,4,4
2023-04-08,store_1,item_6,47,66.5,0,5,4
2023-04-09,store_1,item_6,49,66.5,0,6,4
2023-04-10,store_1,item_6,58,66.5,0,0,4
2023-04-11,store_1,item_6,69,66.5,0,1,4
2023-04-12,store_1,item_6,69,66.5,0,2,4
2023-04-13,store_1,item_6,62,66.5,0,3,4
2023-04-14,store_1,item_6,76,53.2,1,4,4
2023-04-15,store_1,item_6,47,66.5,0,5,4
2023-04-16,store_1,item_6,77,53.2,1,6,4
2023-04-17,store_1,item_6,58,66.5,0,0,4
2023-04-18,store_1,item_6,65,66.5,0,1,4
2023-04-19,store_1,item_6,67,66.5,0,2,4
2023-04-20,store_1,item_6,58,66.5,0,3,4
2023-04-21,store_1,item_6,56,66.5,0,4,4
2023-04-22,store_1,item_6,48,66.5,0,5,4
2023-04-23,store_1,item_6,75,53.2,1,6,4
2023-04-24,store_1,item_6,58,66.5,0,0,4
2023-04-25,store_1,item_6,64,66.5,0,1,4
2023-04-26,store_1,item_6,68,66.5,0,2,4
2023-04-27,store_1,item_6,92,53.2,1,3,4
2023-04-28,store_1,item_6,51,66.5,0,4,4
2023-04-29,store_1,item_6,45,66.5,0,5,4
2023-04-30,store_1,item_6,51,66.5,0,6,4
2023-05-01,store_1,item_6,63,66.5,0,0,5
2023-05-02,store_1,item_6,63,66.5,0,1,5
2023-05-03,store_1,item_6,67,66.5,0,2,5
2023-05-04,store_1,item_6,62,66.5,0,3,5
2023-05-05,store_1,item_6,49,66.5,0,4,5
2023-05-06,store_1,item_6,68,53.2,1,5,5
2023-05-07,store_1,item_6,48,66.5,0,6,5
2023-05-08,store_1,item_6,84,53.2,1,0,5
2023-05-09,store_1,item_6,67,66.5,0,1,5
2023-05-10,store_1,item_6,67,66.5,0,2,5
2023-05-11,store_1,item_6,52,66.5,0,3,5
2023-05-12,store_1,item_6,48,66.5,0,4,5
2023-05-13,store_1,item_6,71,53.2,1,5,5
2023-05-14,store_1,item_6,48,66.5,0,6,5
2023-05-15,store_1,item_6,46,66.5,0,0,5
2023-05-16,store_1,item_6,91,53.2,1,1,5
2023-05-17,store_1,item_6,68,66.5,0,2,5
2023-05-18,store_1,item_6,58,66.5,0,3,5
2023-05-19,store_1,item_6,42,66.5,0,4,5
2023-05-20,store_1,item_6,47,66.5,0,5,5
2023-05-21,store_1,item_6,48,66.5,0,6,5
2023-05-22,store_1,item_6,51,66.5,0,0,5
2023-05-23,store_1,item_6,66,66.5,0,1,5
2023-05-24,store_1,item_6,62,66.5,0,2,5
2023-05-25,store_1,item_6,56,66.5,0,3,5
2023-05-26,store_1,item_6,47,66.5,0,4,5
2023-05-27,store_1,item_6,37,66.5,0,5,5
2023-05-28,store_1,item_6,46,66.5,0,6,5
2023-05-29,store_1,item_6,54,66.5,0,0,5
2023-05-30,store_1,item_6,59,66.5,0,1,5
2023-05-31,store_1,item_6,65,66.5,0,2,5
2023-06-01,store_1,item_6,52,66.5,0,3,6
2023-06-02,store_1,item_6,49,66.5,0,4,6
2023-06-03,store_1,item_6,43,66.5,0,5,6
2023-06-04,store_1,item_6,63,53.2,1,6,6
2023-06-05,store_1,item_6,52,66.5,0,0,6
2023-06-06,store_1,item_6,56,66.5,0,1,6
2023-06-07,store_1,item_6,94,53.2,1,2,6
2023-06-08,store_1,item_6,57,66.5,0,3,6
2023-06-09,store_1,item_6,47,66.5,0,4,6
2023-06-10,store_1,item_6,39,66.5,0,5,6
2023-06-11,store_1,item_6,45,66.5,0,6,6
2023-06-12,store_1,item_6,53,66.5,0,0,6
2023-06-13,store_1,item_6,62,66.5,0,1,6
2023-06-14,store_1,item_6,57,66.5,0,2,6
2023-06-15,store_1,item_6,83,53.2,1,3,6
2023-06-16,store_1,item_6,71,53.2,1,4,6
2023-06-17,store_1,item_6,38,66.5,0,5,6
2023-06-18,store_1,item_6,45,66.5,0,6,6
2023-06-19,store_1,item_6,49,66.5,0,0,6
2023-06-20,store_1,item_6,52,66.5,0,1,6
2023-06-21,store_1,item_6,55,66.5,0,2,6
2023-06-22,store_1,item_6,47,66.5,0,3,6
2023-06-23,store_1,item_6,43,66.5,0,4,6
2023-06-24,store_1,item_6,37,66.5,0,5,6
2023-06-25,store_1,item_6,40,66.5,0,6,6
2023-06-26,store_1,item_6,51,66.5,0,0,6
2023-06-27,store_1,item_6,54,66.5,0,1,6
2023-06-28,store_1,item_6,54,66.5,0,2,6
2023-06-29,store_1,item_6,49,66.5,0,3,6
2023-06-30,store_1,item_6,57,53.2,1,4,6
2023-07-01,store_1,item_6,39,66.5,0,5,7
2023-07-02,store_1,item_6,38,66.5,0,6,7
2023-07-03,store_1,item_6,45,66.5,0,0,7
2023-07-04,store_1,item_6,51,66.5,0,1,7
2023-07-05,store_1,item_6,54,66.5,0,2,7
2023-07-06,store_1,item_6,44,66.5,0,3,7
2023-07-07,store_1,item_6,40,66.5,0,4,7
2023-07-08,store_1,item_6,34,66.5,0,5,7
2023-07-09,store_1,item_6,37,66.5,0,6,7
2023-07-10,store_1,item_6,40,66.5,0,0,7
2023-07-11,store_1,item_6,51,66.5,0,1,7
2023-07-12,store_1,item_6,51,66.5,0,2,7
2023-07-13,store_1,item_6,43,66.5,0,3,7
2023-07-14,store_1,item_6,42,66.5,0,4,7
2023-07-15,store_1,item_6,33,66.5,0,5,7
2023-07-16,store_1,item_6,34,66.5,0,6,7
2023-07-17,store_1,item_6,44,66.5,0,0,7
2023-07-18,store_1,item_6,51,66.5,0,1,7
2023-07-19,store_1,item_6,48,66.5,0,2,7
2023-07-20,store_1,item_6,68,53.2,1,3,7
2023-07-21,store_1,item_6,40,66.5,0,4,7
2023-07-22,store_1,item_6,37,66.5,0,5,7
2023-07-23,store_1,item_6,35,66.5,0,6,7
2023-07-24,store_1,item_6,42,66.5,0,0,7
2023-07-25,store_1,item_6,44,66.5,0,1,7
2023-07-26,store_1,item_6,67,53.2,1,2,7
2023-07-27,store_1,item_6,45,66.5,0,3,7
2023-07-28,store_1,item_6,34,66.5,0,4,7
2023-07-29,store_1,item_6,29,66.5,0,5,7
2023-07-30,store_1,item_6,35,66.5,0,6,7
2023-07-31,store_1,item_6,39,66.5,0,0,7
2023-08-01,store_1,item_6,45,66.5,0,1,8
2023-08-02,store_1,item_6,42,66.5,0,2,8
2023-08-03,store_1,item_6,60,53.2,1,3,8
2023-08-04,store_1,item_6,40,66.5,0,4,8
2023-08-05,store_1,item_6,29,66.5,0,5,8
2023-08-06,store_1,item_6,31,66.5,0,6,8
2023-08-07,store_1,item_6,38,66.5,0,0,8
2023-08-08,store_1,item_6,40,66.5,0,1,8
2023-08-09,store_1,item_6,49,66.5,0,2,8
2023-08-10,store_1,item_6,40,66.5,0,3,8
2023-08-11,store_1,item_6,33,66.5,0,4,8
2023-08-12,store_1,item_6,33,66.5,0,5,8
2023-08-13,store_1,item_6,34,66.5,0,6,8
2023-08-14,store_1,item_6,42,66.5,0,0,8
2023-08-15,store_1,item_6,41,66.5,0,1,8
2023-08-16,store_1,item_6,50,66.5,0,2,8
2023-08-17,store_1,item_6,41,66.5,0,3,8
2023-08-18,store_1,item_6,38,66.5,0,4,8
2023-08-19,store_1,item_6,32,66.5,0,5,8
2023-08-20,store_1,item_6,28,66.5,0,6,8
2023-08-21,store_1,item_6,33,66.5,0,0,8
2023-08-22,store_1,item_6,35,66.5,0,1,8
2023-08-23,store_1,item_6,36,66.5,0,2,8
2023-08-24,store_1,item_6,36,66.5,0,3,8
2023-08-25,store_1,item_6,35,66.5,0,4,8
2023-08-26,store_1,item_6,26,66.5,0,5,8
2023-08-27,store_1,item_6,27,66.5,0,6,8
2023-08-28,store_1,item_6,54,53.2,1,0,8
2023-08-29,store_1,item_6,37,66.5,0,1,8
2023-08-30,store_1,item_6,46,66.5,0,2,8
2023-08-31,store_1,item_6,36,66.5,0,3,8
2023-09-01,store_1,item_6,34,66.5,0,4,9
2023-09-02,store_1,item_6,27,66.5,0,5,9
2023-09-03,store_1,item_6,28,66.5,0,6,9
2023-09-04,store_1,item_6,37,66.5,0,0,9
2023-09-05,store_1,item_6,39,66.5,0,1,9
2023-09-06,store_1,item_6,44,66.5,0,2,9
2023-09-07,store_1,item_6,34,66.5,0,3,9
2023-09-08,store_1,item_6,26,66.5,0,4,9
2023-09-09,store_1,item_6,21,66.5,0,5,9
2023-09-10,store_1,item_6,32,66.5,0,6,9
2023-09-11,store_1,item_6,36,66.5,0,0,9
2023-09-12,store_1,item_6,37,66.5,0,1,9
2023-09-13,store_1,item_6,40,66.5,0,2,9
2023-09-14,store_1,item_6,39,66.5,0,3,9
2023-09-15,store_1,item_6,44,53.2,1,4,9
2023-09-16,store_1,item_6,21,66.5,0,5,9
2023-09-17,store_1,item_6,36,53.2,1,6,9
2023-09-18,store_1,item_6,29,66.5,0,0,9
2023-09-19,store_1,item_6,38,66.5,0,1,9
2023-09-20,store_1,item_6,36,66.5,0,2,9
2023-09-21,store_1,item_6,38,66.5,0,3,9
2023-09-22,store_1,item_6,40,53.2,1,4,9
2023-09-23,store_1,item_6,24,66.5,0,5,9
2023-09-24,store_1,item_6,22,66.5,0,6,9
2023-09-25,store_1,item_6,31,66.5,0,0,9
2023-09-26,store_1,item_6,37,66.5,0,1,9
2023-09-27,store_1,item_6,61,53.2,1,2,9
2023-09-28,store_1,item_6,35,66.5,0,3,9
2023-09-29,store_1,item_6,32,66.5,0,4,9
2023-09-30,store_1,item_6,29,66.5,0,5,9
2023-10-01,store_1,item_6,42,53.2,1,6,10
2023-10-02,store_1,item_6,29,66.5,0,0,10
2023-10-03,store_1,item_6,57,53.2,1,1,10
2023-10-04,store_1,item_6,43,66.5,0,2,10
2023-10-05,store_1,item_6,34,66.5,0,3,10
2023-10-06,store_1,item_6,31,66.5,0,4,10
2023-10-07,store_1,item_6,28,66.5,0,5,10
2023-10-08,store_1,item_6,26,66.5,0,6,10
2023-10-09,store_1,item_6,35,66.5,0,0,10
2023-10-10,store_1,item_6,36,66.5,0,1,10
2023-10-11,store_1,item_6,40,66.5,0,2,10
2023-10-12,store_1,item_6,35,66.5,0,3,10
2023-10-13,store_1,item_6,30,66.5,0,4,10
2023-10-14,store_1,item_6,29,66.5,0,5,10
2023-10-15,store_1,item_6,22,66.5,0,6,10
2023-10-16,store_1,item_6,35,66.5,0,0,10
2023-10-17,store_1,item_6,59,53.2,1,1,10
2023-10-18,store_1,item_6,38,66.5,0,2,10
2023-10-19,store_1,item_6,36,66.5,0,3,10
2023-10-20,store_1,item_6,27,66.5,0,4,10
2023-10-21,store_1,item_6,24,66.5,0,5,10
2023-10-22,store_1,item_6,29,66.5,0,6,10
2023-10-23,store_1,item_6,41,66.5,0,0,10
2023-10-24,store_1,item_6,41,66.5,0,1,10
2023-10-25,store_1,item_6,37,66.5,0,2,10
2023-10-26,store_1,item_6,39,66.5,0,3,10
2023-10-27,store_1,item_6,32,66.5,0,4,10
2023-10-28,store_1,item_6,36,53.2,1,5,10
2023-10-29,store_1,item_6,42,53.2,1,6,10
2023-10-30,store_1,item_6,34,66.5,0,0,10
2023-10-31,store_1,item_6,40,66.5,0,1,10
2023-11-01,store_1,item_6,41,66.5,0,2,11
2023-11-02,store_1,item_6,38,66.5,0,3,11
2023-11-03,store_1,item_6,29,66.5,0,4,11
2023-11-04,store_1,item_6,27,66.5,0,5,11
2023-11-05,store_1,item_6,29,66.5,0,6,11
2023-11-06,store_1,item_6,38,66.5,0,0,11
2023-11-07,store_1,item_6,38,66.5,0,1,11
2023-11-08,store_1,item_6,41,66.5,0,2,11
2023-11-09,store_1,item_6,37,66.5,0,3,11
2023-11-10,store_1,item_6,37,66.5,0,4,11
2023-11-11,store_1,item_6,45,53.2,1,5,11
2023-11-12,store_1,item_6,27,66.5,0,6,11
2023-11-13,store_1,item_6,37,66.5,0,0,11
2023-11-14,store_1,item_6,39,66.5,0,1,11
2023-11-15,store_1,item_6,44,66.5,0,2,11
2023-11-16,store_1,item_6,44,66.5,0,3,11
2023-11-17,store_1,item_6,28,66.5,0,4,11
2023-11-18,store_1,item_6,27,66.5,0,5,11
2023-11-19,store_1,item_6,32,66.5,0,6,11
2023-11-20,store_1,item_6,36,66.5,0,0,11
2023-11-21,store_1,item_6,44,66.5,0,1,11
2023-11-22,store_1,item_6,45,66.5,0,2,11
2023-11-23,store_1,item_6,36,66.5,0,3,11
2023-11-24,store_1,item_6,37,66.5,0,4,11
2023-11-25,store_1,item_6,42,53.2,1,5,11
2023-11-26,store_1,item_6,33,66.5,0,6,11
2023-11-27,store_1,item_6,37,66.5,0,0,11
2023-11-28,store_1,item_6,52,66.5,0,1,11
2023-11-29,store_1,item_6,46,66.5,0,2,11
2023-11-30,store_1,item_6,44,66.5,0,3,11
2023-12-01,store_1,item_6,38,66.5,0,4,12
2023-12-02,store_1,item_6,33,66.5,0,5,12
2023-12-03,store_1,item_6,34,66.5,0,6,12
2023-12-04,store_1,item_6,37,66.5,0,0,12
2023-12-05,store_1,item_6,70,53.2,1,1,12
2023-12-06,store_1,item_6,43,66.5,0,2,12
2023-12-07,store_1,item_6,46,66.5,0,3,12
2023-12-08,store_1,item_6,46,66.5,0,4,12
2023-12-09,store_1,item_6,34,66.5,0,5,12
2023-12-10,store_1,item_6,36,66.5,0,6,12
2023-12-11,store_1,item_6,37,66.5,0,0,12
2023-12-12,store_1,item_6,46,66.5,0,1,12
2023-12-13,store_1,item_6,53,66.5,0,2,12
2023-12-14,store_1,item_6,42,66.5,0,3,12
2023-12-15,store_1,item_6,37,66.5,0,4,12
2023-12-16,store_1,item_6,36,66.5,0,5,12
2023-12-17,store_1,item_6,39,66.5,0,6,12
2023-12-18,store_1,item_6,43,66.5,0,0,12
2023-12-19,store_1,item_6,51,66.5,0,1,12
2023-12-20,store_1,item_6,79,53.2,1,2,12
2023-12-21,store_1,item_6,44,66.5,0,3,12
2023-12-22,store_1,item_6,40,66.5,0,4,12
2023-12-23,store_1,item_6,37,66.5,0,5,12
2023-12-24,store_1,item_6,38,66.5,0,6,12
2023-12-25,store_1,item_6,39,66.5,0,0,12
2023-12-26,store_1,item_6,83,53.2,1,1,12
2023-12-27,store_1,item_6,51,66.5,0,2,12
2023-12-28,store_1,item_6,50,66.5,0,3,12
2023-12-29,store_1,item_6,43,66.5,0,4,12
2023-12-30,store_1,item_6,36,66.5,0,5,12
2023-12-31,store_1,item_6,40,66.5,0,6,12
2021-01-01,store_1,item_7,12,65.21,0,4,1
2021-01-02,store_1,item_7,11,65.21,0,5,1
2021-01-03,store_1,item_7,15,65.21,0,6,1
2021-01-04,store_1,item_7,10,65.21,0,0,1
2021-01-05,store_1,item_7,21,65.21,0,1,1
2021-01-06,store_1,item_7,13,65.21,0,2,1
2021-01-07,store_1,item_7,13,65.21,0,3,1
2021-01-08,store_1,item_7,15,65.21,0,4,1
2021-01-09,store_1,item_7,14,65.21,0,5,1
2021-01-10,store_1,item_7,8,65.21,0,6,1
2021-01-11,store_1,item_7,11,65.21,0,0,1
2021-01-12,store_1,item_7,17,65.21,0,1,1
2021-01-13,store_1,item_7,24,65.21,0,2,1
