data-science/data/dataset_store.csv
date,store_id,item_id,sales,price,promo,weekday,month
2023-05-24,store_1,item_9,21,21.93,0,2,5
2023-05-25,store_1,item_9,22,21.93,0,3,5
2023-05-26,store_1,item_9,20,21.93,0,4,5
2023-05-27,store_1,item_9,9,21.93,0,5,5
2023-05-28,store_1,item_9,12,21.93,0,6,5
2023-05-29,store_1,item_9,11,21.93,0,0,5
2023-05-30,store_1,item_9,17,21.93,0,1,5
2023-05-31,store_1,item_9,22,21.93,0,2,5
2023-06-01,store_1,item_9,17,21.93,0,3,6
2023-06-02,store_1,item_9,13,21.93,0,4,6
2023-06-03,store_1,item_9,14,21.93,0,5,6
2023-06-04,store_1,item_9,11,21.93,0,6,6
2023-06-05,store_1,item_9,28,17.54,1,0,6
2023-06-06,store_1,item_9,27,17.54,1,1,6
2023-06-07,store_1,item_9,17,21.93,0,2,6
2023-06-08,store_1,item_9,18,21.93,0,3,6
2023-06-09,store_1,item_9,17,21.93,0,4,6
2023-06-10,store_1,item_9,17,21.93,0,5,6
2023-06-11,store_1,item_9,12,21.93,0,6,6
2023-06-12,store_1,item_9,18,21.93,0,0,6
2023-06-13,store_1,item_9,18,21.93,0,1,6
2023-06-14,store_1,item_9,16,21.93,0,2,6
2023-06-15,store_1,item_9,14,21.93,0,3,6
2023-06-16,store_1,item_9,10,21.93,0,4,6
2023-06-17,store_1,item_9,10,21.93,0,5,6
2023-06-18,store_1,item_9,16,21.93,0,6,6
2023-06-19,store_1,item_9,17,21.93,0,0,6
2023-06-20,store_1,item_9,13,21.93,0,1,6
2023-06-21,store_1,item_9,12,21.93,0,2,6
2023-06-22,store_1,item_9,12,21.93,0,3,6
2023-06-23,store_1,item_9,11,21.93,0,4,6
2023-06-24,store_1,item_9,11,21.93,0,5,6
2023-06-25,store_1,item_9,15,21.93,0,6,6
2023-06-26,store_1,item_9,19,17.54,1,0,6
2023-06-27,store_1,item_9,21,21.93,0,1,6
2023-06-28,store_1,item_9,12,21.93,0,2,6
2023-06-29,store_1,item_9,14,21.93,0,3,6
2023-06-30,store_1,item_9,15,21.93,0,4,6
2023-07-01,store_1,item_9,19,17.54,1,5,7
2023-07-02,store_1,item_9,11,21.93,0,6,7
2023-07-03,store_1,item_9,17,21.93,0,0,7
2023-07-04,store_1,item_9,18,21.93,0,1,7
2023-07-05,store_1,item_9,14,21.93,0,2,7
2023-07-06,store_1,item_9,15,21.93,0,3,7
2023-07-07,store_1,item_9,20,17.54,1,4,7
2023-07-08,store_1,item_9,9,21.93,0,5,7
2023-07-09,store_1,item_9,16,21.93,0,6,7
2023-07-10,store_1,item_9,11,21.93,0,0,7
2023-07-11,store_1,item_9,16,21.93,0,1,7
2023-07-12,store_1,item_9,12,21.93,0,2,7
2023-07-13,store_1,item_9,14,21.93,0,3,7
2023-07-14,store_1,item_9,9,21.93,0,4,7
2023-07-15,store_1,item_9,15,17.54,1,5,7
2023-07-16,store_1,item_9,6,21.93,0,6,7
2023-07-17,store_1,item_9,15,21.93,0,0,7
2023-07-18,store_1,item_9,23,17.54,1,1,7
2023-07-19,store_1,item_9,26,17.54,1,2,7
2023-07-20,store_1,item_9,12,21.93,0,3,7
2023-07-21,store_1,item_9,15,21.93,0,4,7
2023-07-22,store_1,item_9,10,21.93,0,5,7
2023-07-23,store_1,item_9,11,21.93,0,6,7
2023-07-24,store_1,item_9,19,21.93,0,0,7
2023-07-25,store_1,item_9,13,21.93,0,1,7
2023-07-26,store_1,item_9,18,21.93,0,2,7
2023-07-27,store_1,item_9,14,21.93,0,3,7
2023-07-28,store_1,item_9,9,21.93,0,4,7
2023-07-29,store_1,item_9,6,21.93,0,5,7
2023-07-30,store_1,item_9,7,21.93,0,6,7
2023-07-31,store_1,item_9,15,21.93,0,0,7
2023-08-01,store_1,item_9,19,21.93,0,1,8
2023-08-02,store_1,item_9,14,21.93,0,2,8
2023-08-03,store_1,item_9,19,17.54,1,3,8
2023-08-04,store_1,item_9,13,21.93,0,4,8
2023-08-05,store_1,item_9,9,21.93,0,5,8
2023-08-06,store_1,item_9,13,21.93,0,6,8
2023-08-07,store_1,item_9,12,21.93,0,0,8
2023-08-08,store_1,item_9,13,21.93,0,1,8
2023-08-09,store_1,item_9,11,21.93,0,2,8
2023-08-10,store_1,item_9,9,21.93,0,3,8
2023-08-11,store_1,item_9,1,21.93,0,4,8
2023-08-12,store_1,item_9,13,21.93,0,5,8
2023-08-13,store_1,item_9,9,21.93,0,6,8
2023-08-14,store_1,item_9,10,21.93,0,0,8
2023-08-15,store_1,item_9,7,21.93,0,1,8
2023-08-16,store_1,item_9,11,21.93,0,2,8
2023-08-17,store_1,item_9,9,21.93,0,3,8
2023-08-18,store_1,item_9,7,21.93,0,4,8
2023-08-19,store_1,item_9,10,21.93,0,5,8
2023-08-20,store_1,item_9,14,17.54,1,6,8
2023-08-21,store_1,item_9,7,21.93,0,0,8
2023-08-22,store_1,item_9,8,21.93,0,1,8
2023-08-23,store_1,item_9,9,21.93,0,2,8
2023-08-24,store_1,item_9,17,21.93,0,3,8
2023-08-25,store_1,item_9,14,21.93,0,4,8
2023-08-26,store_1,item_9,6,21.93,0,5,8
2023-08-27,store_1,item_9,3,21.93,0,6,8
2023-08-28,store_1,item_9,11,21.93,0,0,8
2023-08-29,store_1,item_9,12,21.93,0,1,8
2023-08-30,store_1,item_9,13,21.93,0,2,8
2023-08-31,store_1,item_9,13,21.93,0,3,8
2023-09-01,store_1,item_9,11,21.93,0,4,9
2023-09-02,store_1,item_9,5,21.93,0,5,9
2023-09-03,store_1,item_9,9,21.93,0,6,9
2023-09-04,store_1,item_9,13,21.93,0,0,9
2023-09-05,store_1,item_9,9,21.93,0,1,9
2023-09-06,store_1,item_9,13,21.93,0,2,9
2023-09-07,store_1,item_9,9,21.93,0,3,9
2023-09-08,store_1,item_9,15,21.93,0,4,9
2023-09-09,store_1,item_9,4,21.93,0,5,9
2023-09-10,store_1,item_9,12,21.93,0,6,9
2023-09-11,store_1,item_9,5,21.93,0,0,9
2023-09-12,store_1,item_9,17,21.93,0,1,9
2023-09-13,store_1,item_9,8,21.93,0,2,9
2023-09-14,store_1,item_9,11,21.93,0,3,9
2023-09-15,store_1,item_9,4,21.93,0,4,9
2023-09-16,store_1,item_9,8,17.54,1,5,9
2023-09-17,store_1,item_9,15,17.54,1,6,9
2023-09-18,store_1,item_9,18,17.54,1,0,9
2023-09-19,store_1,item_9,12,21.93,0,1,9
2023-09-20,store_1,item_9,14,21.93,0,2,9
2023-09-21,store_1,item_9,14,21.93,0,3,9
2023-09-22,store_1,item_9,7,21.93,0,4,9
2023-09-23,store_1,item_9,8,17.54,1,5,9
2023-09-24,store_1,item_9,8,21.93,0,6,9
2023-09-25,store_1,item_9,8,21.93,0,0,9
2023-09-26,store_1,item_9,12,21.93,0,1,9
2023-09-27,store_1,item_9,13,21.93,0,2,9
2023-09-28,store_1,item_9,9,21.93,0,3,9
2023-09-29,store_1,item_9,11,21.93,0,4,9
2023-09-30,store_1,item_9,10,21.93,0,5,9
2023-10-01,store_1,item_9,10,21.93,0,6,10
2023-10-02,store_1,item_9,13,17.54,1,0,10
2023-10-03,store_1,item_9,14,21.93,0,1,10
2023-10-04,store_1,item_9,13,21.93,0,2,10
2023-10-05,store_1,item_9,12,21.93,0,3,10
2023-10-06,store_1,item_9,14,21.93,0,4,10
2023-10-07,store_1,item_9,9,21.93,0,5,10
2023-10-08,store_1,item_9,6,21.93,0,6,10
2023-10-09,store_1,item_9,6,21.93,0,0,10
2023-10-10,store_1,item_9,15,21.93,0,1,10
2023-10-11,store_1,item_9,13,21.93,0,2,10
2023-10-12,store_1,item_9,16,21.93,0,3,10
2023-10-13,store_1,item_9,3,21.93,0,4,10
2023-10-14,store_1,item_9,11,21.93,0,5,10
2023-10-15,store_1,item_9,8,21.93,0,6,10
2023-10-16,store_1,item_9,9,21.93,0,0,10
2023-10-17,store_1,item_9,9,21.93,0,1,10
2023-10-18,store_1,item_9,15,21.93,0,2,10
2023-10-19,store_1,item_9,13,21.93,0,3,10
2023-10-20,store_1,item_9,6,21.93,0,4,10
2023-10-21,store_1,item_9,13,17.54,1,5,10
2023-10-22,store_1,item_9,15,17.54,1,6,10
2023-10-23,store_1,item_9,11,21.93,0,0,10
